[Plugins] ✅ Loaded: system_info v1.1.0 by Captain AI Core (example_plugin.py)
[Plugins] ✅ Loaded: mute_microphone v1.0.0 by Captain AI Core (mic_control_plugin.py)
[Plugins] ✅ Loaded: read_calendar v1.0.0 by Captain AI Core (read_calendar_plugin.py)
[Plugins] ✅ Loaded: set_reminder v1.0.0 by Captain AI Core (reminder_plugin.py)
[Plugins] ⚠️ suggest_memory_plugin.py has no register() — skipped
[Plugins] ✅ Loaded: navigate_ui v1.0.0 by Captain AI Core (ui_navigator_plugin.py)
[Plugins] 📦 5 plugin(s) loaded safely
[2026-07-27 21:34:57] [INFO] [Plugins] Registered tool: system_info
[2026-07-27 21:34:57] [INFO] [Plugins] Registered tool: mute_microphone
[2026-07-27 21:34:57] [INFO] [Plugins] Registered tool: read_calendar
[2026-07-27 21:34:57] [INFO] [Plugins] Registered tool: set_reminder
[2026-07-27 21:34:57] [INFO] [Plugins] Registered tool: navigate_ui
[2026-07-27 21:34:57] [INFO] [WS SERVER] WebSocket Server listening on ws://127.0.0.1:8765
[2026-07-27 21:34:57] [INFO] [WS SERVER] metrics_broadcaster task starting...
[2026-07-27 21:34:59] [INFO] [Firebase] Setting up Phone Listener...
[2026-07-27 21:35:01] [INFO] [Firebase] ✅ Event-driven listener active
[2026-07-27 21:35:08] [INFO] [CAPTAIN] [+] Connecting... (resumption_handle=NO — cold start)
[2026-07-27 21:35:09] [INFO] [CAPTAIN] 🎤 Mic started
[2026-07-27 21:35:09] [INFO] [CAPTAIN] 🎤 Mic stream open
[2026-07-27 21:35:11] [INFO] [PERF] ✅ First connect took 2.25s
[2026-07-27 21:35:11] [INFO] [CAPTAIN] 👂 Recv started
[2026-07-27 21:35:11] [INFO] [CAPTAIN] 🔊 Play started
[2026-07-27 21:35:20] [INFO] [CAPTAIN] 🔖 Resumption handle updated: 293bedb1-d6e2-45...
[2026-07-27 21:35:21] [INFO] [CAPTAIN] 📞 screen_process
[2026-07-27 21:35:22] [INFO] [CAPTAIN] 🔧 screen_process  {'text': "What's on the screen?"}
[Vision] ▶ angle='screen'  question='What's on the screen?'[2026-07-27 21:35:22] [INFO] [CAPTAIN] 📤 screen_process → Vision module activated. Stay completely silent — vision module will speak direc

[2026-07-27 21:35:22] [INFO] [PERF] ⏱️ screen_process executed in 0.29s
[2026-07-27 21:35:22] [INFO] [PERF] 📨 [AI] Tool response sent in 0.32s
[2026-07-27 21:35:22] [INFO] [CAPTAIN] 🔖 Resumption handle updated: 5a5cb6bf-5cba-43...
[Vision] 🔌 Connecting...
[2026-07-27 21:35:23] [INFO] [PERF] 🔊 First audio chunk 1.08s after tool response sent
[Vision] ✅ Connected
[Vision] ✅ Session ready
[2026-07-27 21:35:23] [INFO] [PERF] 🏁 Total tool→audio latency: 1.38s
[2026-07-27 21:35:23] [INFO] [CAPTAIN] 🔖 Resumption handle updated: c9dbce06-76a6-4d...
[Vision] 🖥️  Screen: 17,279 bytes
[Vision] 📤 Sent 17,279 bytes — 'What's on the screen?'
[Vision] ⚠️  Recv error: 1007 None. Request contains an invalid argument.
[Vision] ⚠️  Session error: 1007 None. Request contains an invalid argument.
[Vision] 🔄 Reconnecting in 2s...
[Vision] 🔌 Connecting...
[Vision] ✅ Connected
[2026-07-27 21:35:46] [INFO] [CAPTAIN] 🔖 Resumption handle updated: 1ee9f8cb-3074-4b...
[2026-07-27 21:35:51] [INFO] [CAPTAIN] 🔖 Resumption handle updated: 85b1b437-8e41-43...
[2026-07-27 21:35:53] [INFO] [CAPTAIN] 🔖 Resumption handle updated: 74cacf6e-d027-49...
[2026-07-27 21:35:54] [INFO] [CAPTAIN] ⚡ Barge-in detected — flushing audio queue
[2026-07-27 21:35:55] [INFO] [CAPTAIN] 🔖 Resumption handle updated: 30d1c3cd-5acd-40...
[2026-07-27 21:35:56] [INFO] [CAPTAIN] 🔖 Resumption handle updated: 5587ceed-0b5f-46...
[2026-07-27 21:36:00] [INFO] [CAPTAIN] 🔖 Resumption handle updated: a24a7a2b-31a5-4c...
[2026-07-27 21:36:06] [INFO] [CAPTAIN] 🔖 Resumption handle updated: a47dcd7a-4795-49...
[2026-07-27 21:36:08] [INFO] [CAPTAIN] 🔖 Resumption handle updated: c881dcf3-8dbc-45...
[2026-07-27 21:36:10] [INFO] [CAPTAIN] 🔖 Resumption handle updated: df15dde3-40fc-48...
[2026-07-27 21:36:11] [INFO] [CAPTAIN] 🔖 Resumption handle updated: faf39859-d386-4e...
[2026-07-27 21:37:29] [INFO] [CAPTAIN] 🔖 Resumption handle updated: 6455e376-6efa-44...
[2026-07-27 21:37:29] [INFO] [CAPTAIN] 📞 computer_settings
[2026-07-27 21:37:29] [INFO] [CAPTAIN] 🔧 computer_settings  {'description': 'shutdown the computer', 'action': 'shutdown'}
[Settings] Action: shutdown  Value: None  OS: Windows
[2026-07-27 21:37:29] [INFO] [CAPTAIN] 📤 computer_settings → This will shutdown the computer. Please confirm by calling again with confirmed=
[2026-07-27 21:37:29] [INFO] [PERF] ⏱️ computer_settings executed in 0.01s
[2026-07-27 21:37:29] [INFO] [PERF] 📨 [AI] Tool response sent in 0.01s
[2026-07-27 21:37:29] [INFO] [PERF] 🔊 First audio chunk 0.74s after tool response sent
[2026-07-27 21:37:29] [INFO] [PERF] 🏁 Total tool→audio latency: 0.75s
[2026-07-27 21:37:30] [INFO] [CAPTAIN] 🔖 Resumption handle updated: 5bdddb1a-4d41-4c...
[2026-07-27 21:37:32] [INFO] [CAPTAIN] 🔖 Resumption handle updated: 47158578-0cc2-41...
[2026-07-27 21:37:33] [INFO] [CAPTAIN] 🔖 Resumption handle updated: b756ab90-c137-41...
[2026-07-27 21:37:35] [INFO] [CAPTAIN] 🔖 Resumption handle updated: 5e6b5e11-919d-4e...
