INFO:captain:[CAPTAIN] 📞 screen_process
INFO:captain:[CAPTAIN] 🔧 screen_process  {'text': "What's on the screen?"}
INFO:captain:[CAPTAIN] 📤 screen_process → Vision module activated. Stay completely silent — vision module will speak direc
INFO:captain:[PERF] ⏱️ screen_process executed in 0.29s
INFO:captain:[PERF] 📨 [AI] Tool response sent in 0.32s
INFO:captain:[CAPTAIN] 🔖 Resumption handle updated: 5a5cb6bf-5cba-43...
INFO:captain:[PERF] 🔊 First audio chunk 1.08s after tool response sent
INFO:captain:[PERF] 🏁 Total tool→audio latency: 1.38s
INFO:captain:[CAPTAIN] 🔖 Resumption handle updated: c9dbce06-76a6-4d...
INFO:captain:[CAPTAIN] 🔖 Resumption handle updated: 1ee9f8cb-3074-4b...
INFO:captain:[CAPTAIN] 🔖 Resumption handle updated: 85b1b437-8e41-43...
INFO:captain:[CAPTAIN] 🔖 Resumption handle updated: 74cacf6e-d027-49...
INFO:captain:[CAPTAIN] ⚡ Barge-in detected — flushing audio queue
INFO:captain:[CAPTAIN] 🔖 Resumption handle updated: 30d1c3cd-5acd-40...
INFO:captain:[CAPTAIN] 🔖 Resumption handle updated: 5587ceed-0b5f-46...
INFO:captain:[CAPTAIN] 🔖 Resumption handle updated: a24a7a2b-31a5-4c...
INFO:captain:[CAPTAIN] 🔖 Resumption handle updated: a47dcd7a-4795-49...
INFO:captain:[CAPTAIN] 🔖 Resumption handle updated: c881dcf3-8dbc-45...
INFO:captain:[CAPTAIN] 🔖 Resumption handle updated: df15dde3-40fc-48...
INFO:captain:[CAPTAIN] 🔖 Resumption handle updated: faf39859-d386-4e...
INFO:captain:[CAPTAIN] 🔖 Resumption handle updated: 6455e376-6efa-44...
INFO:captain:[CAPTAIN] 📞 computer_settings
INFO:captain:[CAPTAIN] 🔧 computer_settings  {'description': 'shutdown the computer', 'action': 'shutdown'}
INFO:captain:[CAPTAIN] 📤 computer_settings → This will shutdown the computer. Please confirm by calling again with confirmed=
INFO:captain:[PERF] ⏱️ computer_settings executed in 0.01s
INFO:captain:[PERF] 📨 [AI] Tool response sent in 0.01s
INFO:captain:[PERF] 🔊 First audio chunk 0.74s after tool response sent
INFO:captain:[PERF] 🏁 Total tool→audio latency: 0.75s
INFO:captain:[CAPTAIN] 🔖 Resumption handle updated: 5bdddb1a-4d41-4c...
INFO:captain:[CAPTAIN] 🔖 Resumption handle updated: 47158578-0cc2-41...
INFO:captain:[CAPTAIN] 🔖 Resumption handle updated: b756ab90-c137-41...
INFO:captain:[CAPTAIN] 🔖 Resumption handle updated: 5e6b5e11-919d-4e...
